error: expected `builder(each = "...")`
  --> $DIR/08-unrecognized-attribute.rs:22:15
   |
22 |     #[builder(eac = "arg")]
   |               ^^^
