error[E0277]: the trait bound `bitfield::checks::SevenMod8: bitfield::checks::TotalSizeIsMultipleOfEightBits` is not satisfied
  --> $DIR/04-multiple-of-8bits.rs:53:1
   |
53 | #[bitfield]
   | ^^^^^^^^^^^ the trait `bitfield::checks::TotalSizeIsMultipleOfEightBits` is not implemented for `bitfield::checks::SevenMod8`
